17|..ETOILE defini.                        |
18|..FLEUR defini.                         |
19|..SPIRALE defini.                       |
20|..ARBRE defini.                         |
21|..DEMO defini.                          |
22|..Charge.                               |
23|..? TITRES                              |
24|..CARRE POLY ETOILE FLEUR SPIRALE ARBRE |
